[www.dharmazdarma.cz/index.html]
[backblue.gif]
[fade.gif]
[index.html]
[www.dharmazdarma.cz/index.html]
[www.dharmazdarma.cz/stary-web.html]
[www.dharmazdarma.cz/style-main.css]
[www.dharmazdarma.cz/Sablona/levysloupec.jpg]
[www.dharmazdarma.cz/novinky.html]
[www.dharmazdarma.cz/Sablona/pravysloupec.jpg]
[www.dharmazdarma.cz/uvod.html]
[www.dharmazdarma.cz/distribuce.html]
[www.dharmazdarma.cz/knihovna.html]
[www.dharmazdarma.cz/financovani.html]
[www.dharmazdarma.cz/kontakt.html]
[www.dharmazdarma.cz/Sablona/hlavicka.jpg]
[www.google-analytics.com/analytics.js]
[www.dharmazdarma.cz/navstevnost.html]
[www.dharmazdarma.cz/napsali-nam.html]
[www.dharmazdarma.cz/knihovna-umeni.html]
[www.dharmazdarma.cz/Otevrene dopisy/distributor-pro-misto.pdf]
[www.dharmazdarma.cz/statistiky.html]
[www.dharmazdarma.cz/stary-web.html]
[www.dharmazdarma.cz/style-main.css]
[www.dharmazdarma.cz/Sablona/menu.jpg]
[www.dharmazdarma.cz/novinky.html]
[www.dharmazdarma.cz/dobrovolnici.html]
[www.dharmazdarma.cz/napsali-nam-2.html]
[www.dharmazdarma.cz/uvod.html]
[www.dharmazdarma.cz/distribuce.html]
[www.dharmazdarma.cz/Guestbooks/Ikony/desature.png]
[www.dharmazdarma.cz/statistiky.php]
[www.dharmazdarma.cz/knihovna.html]
[www.dharmazdarma.cz/financovani.html]
[www.dharmazdarma.cz/vyuctovani.html]
[www.dharmazdarma.cz/kontakt-odkazy.html]
[www.dharmazdarma.cz/kontakt.html]
[www.dharmazdarma.cz/navstevnost.html]
[www.dharmazdarma.cz/napsali-nam.html]
[www.dharmazdarma.cz/kontakt-odkazy-ruzne.html]
[www.dharmazdarma.cz/zadnipolicka.html]
[www.dharmazdarma.cz/Umeni/maly-buddha-a-letajici-balon.jpg]
[www.dharmazdarma.cz/Sablona/stred740-distribuce.jpg]
[www.dharmazdarma.cz/Sablona/stred740.jpg]
[www.dharmazdarma.cz/Umeni/maly-buddha-s-miminkem.22.delayed]
[www.dharmazdarma.cz/Umeni/maly-dva-buddhove.jpg]
[www.dharmazdarma.cz/knihovna-umeni.html]
[www.dharmazdarma.cz/Otevrene dopisy/distributor-pro-misto.html]
[www.dharmazdarma.cz/statistiky.html]
[www.dharmazdarma.cz/dobrovolnici.html]
[www.dharmazdarma.cz/www.rodinnekonstelace.eu]
[www.dharmazdarma.cz/napsali-nam-2.html]
[www.dharmazdarma.cz/Guestbooks/Ikony/desature.html]
[www.dharmazdarma.cz/statistiky-2.html]
[www.dharmazdarma.cz/vyuctovani.html]
[www.dharmazdarma.cz/kontakt-odkazy.html]
[www.dharmazdarma.cz/kontakt-odkazy-ruzne.html]
[www.dharmazdarma.cz/Texty/jestevtomtozivote.pdf]
[www.dharmazdarma.cz/zadnipolicka.html]
[www.dharmazdarma.cz/Umeni/maly-buddha-na-velrybe.jpg]
[www.dharmazdarma.cz/Umeni/buddha-na-dlani.jpg]
[www.dharmazdarma.cz/Umeni/buddha-a-letajici-balon.jpg]
[www.dharmazdarma.cz/Umeni/maly-buddha-s-miminkem.html]
[www.dharmazdarma.cz/Umeni/maly-dva-buddhove.html]
[www.dharmazdarma.cz/www.rodinnekonstelace.html]
[www.dharmazdarma.cz/Texty/jestevtomtozivote.html]
[www.dharmazdarma.cz/Umeni/maly-buddha-na-dlani.jpg]
[www.dharmazdarma.cz/Umeni/buddha-na-velrybe.jpg]
